// Jest Snapshot v1, https://goo.gl/fbAQLP

exports[`should match with snapshot 1`] = `
<section
  className="Section RegistrationPage"
>
  <h2>
    Register
  </h2>
  <form
    className="RegistrationForm"
    onSubmit={[Function]}
  >
    <div
      role="alert"
    />
    <div
      className="preferred_name"
    >
      <label
        htmlFor="RegistrationForm__preferred_name"
      >
        Preferred Name 
        <span
          className="Required "
        >
          *
        </span>
      </label>
      <input
        className="Input "
        id="RegistrationForm__preferred_name"
        name="preferred_name"
        required={true}
        type="text"
      />
    </div>
    <div
      className="user_name"
    >
      <label
        htmlFor="RegistrationForm__user_name"
      >
        User Name 
        <span
          className="Required "
        >
          *
        </span>
      </label>
      <input
        className="Input "
        id="RegistrationForm__user_name"
        name="user_name"
        required={true}
        type="text"
      />
    </div>
    <div
      className="password"
    >
      <label
        htmlFor="RegistrationForm__password"
      >
        Password 
        <span
          className="Required "
        >
          *
        </span>
      </label>
      <input
        className="Input "
        id="RegistrationForm__password"
        name="password"
        required={true}
        type="password"
      />
    </div>
    <button
      className="Button "
      type="submit"
    >
      Register
    </button>
  </form>
</section>
`;
